#-----------------------------------------------------------
# Vivado v2025.2 (64-bit)
# SW Build 6299465 on Fri Nov 14 12:34:56 MST 2025
# IP Build 6300035 on Fri Nov 14 10:48:45 MST 2025
# SharedData Build 6298862 on Thu Nov 13 04:50:51 MST 2025
# Start of session at: Tue Jun  2 18:16:57 2026
# Process ID         : 1744260
# Current directory  : /home/reajul/Desktop/asyn_fifo_third
# Command line       : vivado
# Log file           : /home/reajul/Desktop/asyn_fifo_third/vivado.log
# Journal file       : /home/reajul/Desktop/asyn_fifo_third/vivado.jou
# Running On         : vlsi-vivado
# Platform           : Ubuntu
# Operating System   : Ubuntu 24.04.4 LTS
# Processor Detail   : Intel(R) Core(TM) i5-10400 CPU @ 2.90GHz
# CPU Frequency      : 4098.049 MHz
# CPU Physical cores : 6
# CPU Logical cores  : 12
# Host memory        : 41879 MB
# Swap memory        : 8589 MB
# Total Virtual      : 50469 MB
# Available Virtual  : 37963 MB
#-----------------------------------------------------------
start_gui
create_project project_1 /home/reajul/Desktop/asyn_fifo_third/hridoy/project_1 -part xcvc1502-nsvg1369-1LHP-i-L
add_files -norecurse {/home/reajul/Desktop/asyn_fifo_third/rtl/fifo_wr_ctrl.sv /home/reajul/Desktop/asyn_fifo_third/rtl/sync_2ff.sv /home/reajul/Desktop/asyn_fifo_third/rtl/fifo_mem.sv /home/reajul/Desktop/asyn_fifo_third/rtl/fifo_rd_ctrl.sv /home/reajul/Desktop/asyn_fifo_third/rtl/async_fifo.sv}
add_files -fileset sim_1 -norecurse /home/reajul/Desktop/asyn_fifo_third/tb/tb_async_fifo.sv
update_compile_order -fileset sources_1
update_compile_order -fileset sources_1
synth_design -rtl -rtl_skip_mlo -name rtl_1
close_design
