Copyright 1986-2022 Xilinx, Inc. All Rights Reserved. Copyright 2022-2025 Advanced Micro Devices, Inc. All Rights Reserved.
------------------------------------------------------------------------------------------------------------------------------------------------------------------------------------------------------------------------------------------
| Tool Version : Vivado v.2025.2 (lin64) Build 6299465 Fri Nov 14 12:34:56 MST 2025
| Date         : Fri Jul 10 15:59:33 2026
| Host         : vlsi-vivado running 64-bit Ubuntu 24.04.4 LTS
| Command      : report_timing_summary -max_paths 10 -routable_nets -report_unconstrained -file async_fifo_timing_summary_routed.rpt -pb async_fifo_timing_summary_routed.pb -rpx async_fifo_timing_summary_routed.rpx -warn_on_violation
| Design       : async_fifo
| Device       : 7a200t-fbg676
| Speed File   : -2  PRODUCTION 1.23 2018-06-13
| Design State : Routed
------------------------------------------------------------------------------------------------------------------------------------------------------------------------------------------------------------------------------------------

Timing Summary Report

------------------------------------------------------------------------------------------------
| Timer Settings
| --------------
------------------------------------------------------------------------------------------------

  Enable Multi Corner Analysis               :  Yes
  Enable Pessimism Removal                   :  Yes
  Pessimism Removal Resolution               :  Nearest Common Node
  Enable Input Delay Default Clock           :  No
  Enable Preset / Clear Arcs                 :  No
  Disable Flight Delays                      :  No
  Ignore I/O Paths                           :  No
  Timing Early Launch at Borrowing Latches   :  No
  Borrow Time for Max Delay Exceptions       :  Yes
  Merge Timing Exceptions                    :  Yes
  Inter-SLR Compensation                     :  Conservative

  Corner  Analyze    Analyze    
  Name    Max Paths  Min Paths  
  ------  ---------  ---------  
  Slow    Yes        Yes        
  Fast    Yes        Yes        


------------------------------------------------------------------------------------------------
| Report Methodology
| ------------------
------------------------------------------------------------------------------------------------

Rule       Severity          Description                  Violations  
---------  ----------------  ---------------------------  ----------  
TIMING-17  Critical Warning  Non-clocked sequential cell  116         

Note: This report is based on the most recent report_methodology run and may not be up-to-date. Run report_methodology on the current design for the latest report.



check_timing report

Table of Contents
-----------------
1. checking no_clock (116)
2. checking constant_clock (0)
3. checking pulse_width_clock (0)
4. checking unconstrained_internal_endpoints (398)
5. checking no_input_delay (35)
6. checking no_output_delay (34)
7. checking multiple_clock (0)
8. checking generated_clocks (0)
9. checking loops (0)
10. checking partial_input_delay (0)
11. checking partial_output_delay (0)
12. checking latch_loops (0)

1. checking no_clock (116)
--------------------------
 There are 52 register/latch pins with no clock driven by root clock pin: rd_clk (HIGH)

 There are 64 register/latch pins with no clock driven by root clock pin: wr_clk (HIGH)


2. checking constant_clock (0)
------------------------------
 There are 0 register/latch pins with constant_clock.


3. checking pulse_width_clock (0)
---------------------------------
 There are 0 register/latch pins which need pulse_width check


4. checking unconstrained_internal_endpoints (398)
--------------------------------------------------
 There are 398 pins that are not constrained for maximum delay. (HIGH)

 There are 0 pins that are not constrained for maximum delay due to constant clock.


5. checking no_input_delay (35)
-------------------------------
 There are 35 input ports with no input delay specified. (HIGH)

 There are 0 input ports with no input delay but user has a false path constraint.


6. checking no_output_delay (34)
--------------------------------
 There are 34 ports with no output delay specified. (HIGH)

 There are 0 ports with no output delay but user has a false path constraint

 There are 0 ports with no output delay but with a timing clock defined on it or propagating through it


7. checking multiple_clock (0)
------------------------------
 There are 0 register/latch pins with multiple clocks.


8. checking generated_clocks (0)
--------------------------------
 There are 0 generated clocks that are not connected to a clock source.


9. checking loops (0)
---------------------
 There are 0 combinational loops in the design.


10. checking partial_input_delay (0)
------------------------------------
 There are 0 input ports with partial input delay specified.


11. checking partial_output_delay (0)
-------------------------------------
 There are 0 ports with partial output delay specified.


12. checking latch_loops (0)
----------------------------
 There are 0 combinational latch loops in the design through latch input



------------------------------------------------------------------------------------------------
| Design Timing Summary
| ---------------------
------------------------------------------------------------------------------------------------

    WNS(ns)      TNS(ns)  TNS Failing Endpoints  TNS Total Endpoints      WHS(ns)      THS(ns)  THS Failing Endpoints  THS Total Endpoints     WPWS(ns)     TPWS(ns)  TPWS Failing Endpoints  TPWS Total Endpoints  
    -------      -------  ---------------------  -------------------      -------      -------  ---------------------  -------------------     --------     --------  ----------------------  --------------------  
        inf        0.000                      0                  432          inf        0.000                      0                  432           NA           NA                      NA                    NA  


There are no user specified timing constraints.


------------------------------------------------------------------------------------------------
| Clock Summary
| -------------
------------------------------------------------------------------------------------------------


------------------------------------------------------------------------------------------------
| Intra Clock Table
| -----------------
------------------------------------------------------------------------------------------------

Clock             WNS(ns)      TNS(ns)  TNS Failing Endpoints  TNS Total Endpoints      WHS(ns)      THS(ns)  THS Failing Endpoints  THS Total Endpoints     WPWS(ns)     TPWS(ns)  TPWS Failing Endpoints  TPWS Total Endpoints  
-----             -------      -------  ---------------------  -------------------      -------      -------  ---------------------  -------------------     --------     --------  ----------------------  --------------------  


------------------------------------------------------------------------------------------------
| Inter Clock Table
| -----------------
------------------------------------------------------------------------------------------------

From Clock    To Clock          WNS(ns)      TNS(ns)  TNS Failing Endpoints  TNS Total Endpoints      WHS(ns)      THS(ns)  THS Failing Endpoints  THS Total Endpoints  
----------    --------          -------      -------  ---------------------  -------------------      -------      -------  ---------------------  -------------------  


------------------------------------------------------------------------------------------------
| Other Path Groups Table
| -----------------------
------------------------------------------------------------------------------------------------

Path Group    From Clock    To Clock          WNS(ns)      TNS(ns)  TNS Failing Endpoints  TNS Total Endpoints      WHS(ns)      THS(ns)  THS Failing Endpoints  THS Total Endpoints  
----------    ----------    --------          -------      -------  ---------------------  -------------------      -------      -------  ---------------------  -------------------  


------------------------------------------------------------------------------------------------
| User Ignored Path Table
| -----------------------
------------------------------------------------------------------------------------------------

Path Group    From Clock    To Clock    
----------    ----------    --------    


------------------------------------------------------------------------------------------------
| Unconstrained Path Table
| ------------------------
------------------------------------------------------------------------------------------------

Path Group    From Clock    To Clock    
----------    ----------    --------    
(none)                                    


------------------------------------------------------------------------------------------------
| Timing Details
| --------------
------------------------------------------------------------------------------------------------


--------------------------------------------------------------------------------------
Path Group:  (none)
From Clock:  
  To Clock:  

Max Delay           432 Endpoints
Min Delay           432 Endpoints
--------------------------------------------------------------------------------------


Max Delay Paths
--------------------------------------------------------------------------------------
Slack:                    inf
  Source:                 u_mem/rd_data_reg[25]/C
                            (rising edge-triggered cell FDRE)
  Destination:            rd_data[25]
                            (output port)
  Path Group:             (none)
  Path Type:              Max at Slow Process Corner
  Data Path Delay:        8.501ns  (logic 2.832ns (33.310%)  route 5.669ns (66.690%))
  Logic Levels:           2  (FDRE=1 OBUF=1)

    Location             Delay type                Incr(ns)  Path(ns)    Netlist Resource(s)
  -------------------------------------------------------------------    -------------------
    SLICE_X36Y124        FDRE                         0.000     0.000 r  u_mem/rd_data_reg[25]/C
    SLICE_X36Y124        FDRE (Prop_fdre_C_Q)         0.433     0.433 r  u_mem/rd_data_reg[25]/Q
                         net (fo=1, routed)           5.669     6.102    rd_data_OBUF[25]
    P1                   OBUF (Prop_obuf_I_O)         2.399     8.501 r  rd_data_OBUF[25]_inst/O
                         net (fo=0)                   0.000     8.501    rd_data[25]
    P1                                                                r  rd_data[25] (OUT)
  -------------------------------------------------------------------    -------------------

Slack:                    inf
  Source:                 u_mem/rd_data_reg[2]/C
                            (rising edge-triggered cell FDRE)
  Destination:            rd_data[2]
                            (output port)
  Path Group:             (none)
  Path Type:              Max at Slow Process Corner
  Data Path Delay:        8.454ns  (logic 2.738ns (32.381%)  route 5.716ns (67.619%))
  Logic Levels:           2  (FDRE=1 OBUF=1)

    Location             Delay type                Incr(ns)  Path(ns)    Netlist Resource(s)
  -------------------------------------------------------------------    -------------------
    SLICE_X37Y105        FDRE                         0.000     0.000 r  u_mem/rd_data_reg[2]/C
    SLICE_X37Y105        FDRE (Prop_fdre_C_Q)         0.379     0.379 r  u_mem/rd_data_reg[2]/Q
                         net (fo=1, routed)           5.716     6.095    rd_data_OBUF[2]
    T8                   OBUF (Prop_obuf_I_O)         2.359     8.454 r  rd_data_OBUF[2]_inst/O
                         net (fo=0)                   0.000     8.454    rd_data[2]
    T8                                                                r  rd_data[2] (OUT)
  -------------------------------------------------------------------    -------------------

Slack:                    inf
  Source:                 u_mem/rd_data_reg[0]/C
                            (rising edge-triggered cell FDRE)
  Destination:            rd_data[0]
                            (output port)
  Path Group:             (none)
  Path Type:              Max at Slow Process Corner
  Data Path Delay:        8.428ns  (logic 2.758ns (32.728%)  route 5.669ns (67.272%))
  Logic Levels:           2  (FDRE=1 OBUF=1)

    Location             Delay type                Incr(ns)  Path(ns)    Netlist Resource(s)
  -------------------------------------------------------------------    -------------------
    SLICE_X37Y105        FDRE                         0.000     0.000 r  u_mem/rd_data_reg[0]/C
    SLICE_X37Y105        FDRE (Prop_fdre_C_Q)         0.379     0.379 r  u_mem/rd_data_reg[0]/Q
                         net (fo=1, routed)           5.669     6.048    rd_data_OBUF[0]
    U4                   OBUF (Prop_obuf_I_O)         2.379     8.428 r  rd_data_OBUF[0]_inst/O
                         net (fo=0)                   0.000     8.428    rd_data[0]
    U4                                                                r  rd_data[0] (OUT)
  -------------------------------------------------------------------    -------------------

Slack:                    inf
  Source:                 u_mem/rd_data_reg[12]/C
                            (rising edge-triggered cell FDRE)
  Destination:            rd_data[12]
                            (output port)
  Path Group:             (none)
  Path Type:              Max at Slow Process Corner
  Data Path Delay:        8.416ns  (logic 2.736ns (32.504%)  route 5.681ns (67.496%))
  Logic Levels:           2  (FDRE=1 OBUF=1)

    Location             Delay type                Incr(ns)  Path(ns)    Netlist Resource(s)
  -------------------------------------------------------------------    -------------------
    SLICE_X37Y114        FDRE                         0.000     0.000 r  u_mem/rd_data_reg[12]/C
    SLICE_X37Y114        FDRE (Prop_fdre_C_Q)         0.379     0.379 r  u_mem/rd_data_reg[12]/Q
                         net (fo=1, routed)           5.681     6.060    rd_data_OBUF[12]
    P6                   OBUF (Prop_obuf_I_O)         2.357     8.416 r  rd_data_OBUF[12]_inst/O
                         net (fo=0)                   0.000     8.416    rd_data[12]
    P6                                                                r  rd_data[12] (OUT)
  -------------------------------------------------------------------    -------------------

Slack:                    inf
  Source:                 u_mem/rd_data_reg[15]/C
                            (rising edge-triggered cell FDRE)
  Destination:            rd_data[15]
                            (output port)
  Path Group:             (none)
  Path Type:              Max at Slow Process Corner
  Data Path Delay:        8.400ns  (logic 2.821ns (33.585%)  route 5.579ns (66.415%))
  Logic Levels:           2  (FDRE=1 OBUF=1)

    Location             Delay type                Incr(ns)  Path(ns)    Netlist Resource(s)
  -------------------------------------------------------------------    -------------------
    SLICE_X36Y114        FDRE                         0.000     0.000 r  u_mem/rd_data_reg[15]/C
    SLICE_X36Y114        FDRE (Prop_fdre_C_Q)         0.433     0.433 r  u_mem/rd_data_reg[15]/Q
                         net (fo=1, routed)           5.579     6.012    rd_data_OBUF[15]
    R2                   OBUF (Prop_obuf_I_O)         2.388     8.400 r  rd_data_OBUF[15]_inst/O
                         net (fo=0)                   0.000     8.400    rd_data[15]
    R2                                                                r  rd_data[15] (OUT)
  -------------------------------------------------------------------    -------------------

Slack:                    inf
  Source:                 u_mem/rd_data_reg[13]/C
                            (rising edge-triggered cell FDRE)
  Destination:            rd_data[13]
                            (output port)
  Path Group:             (none)
  Path Type:              Max at Slow Process Corner
  Data Path Delay:        8.374ns  (logic 2.846ns (33.980%)  route 5.529ns (66.020%))
  Logic Levels:           2  (FDRE=1 OBUF=1)

    Location             Delay type                Incr(ns)  Path(ns)    Netlist Resource(s)
  -------------------------------------------------------------------    -------------------
    SLICE_X36Y114        FDRE                         0.000     0.000 r  u_mem/rd_data_reg[13]/C
    SLICE_X36Y114        FDRE (Prop_fdre_C_Q)         0.433     0.433 r  u_mem/rd_data_reg[13]/Q
                         net (fo=1, routed)           5.529     5.962    rd_data_OBUF[13]
    U1                   OBUF (Prop_obuf_I_O)         2.413     8.374 r  rd_data_OBUF[13]_inst/O
                         net (fo=0)                   0.000     8.374    rd_data[13]
    U1                                                                r  rd_data[13] (OUT)
  -------------------------------------------------------------------    -------------------

Slack:                    inf
  Source:                 u_mem/rd_data_reg[17]/C
                            (rising edge-triggered cell FDRE)
  Destination:            rd_data[17]
                            (output port)
  Path Group:             (none)
  Path Type:              Max at Slow Process Corner
  Data Path Delay:        8.363ns  (logic 2.822ns (33.748%)  route 5.541ns (66.252%))
  Logic Levels:           2  (FDRE=1 OBUF=1)

    Location             Delay type                Incr(ns)  Path(ns)    Netlist Resource(s)
  -------------------------------------------------------------------    -------------------
    SLICE_X36Y116        FDRE                         0.000     0.000 r  u_mem/rd_data_reg[17]/C
    SLICE_X36Y116        FDRE (Prop_fdre_C_Q)         0.433     0.433 r  u_mem/rd_data_reg[17]/Q
                         net (fo=1, routed)           5.541     5.974    rd_data_OBUF[17]
    T3                   OBUF (Prop_obuf_I_O)         2.389     8.363 r  rd_data_OBUF[17]_inst/O
                         net (fo=0)                   0.000     8.363    rd_data[17]
    T3                                                                r  rd_data[17] (OUT)
  -------------------------------------------------------------------    -------------------

Slack:                    inf
  Source:                 u_mem/rd_data_reg[9]/C
                            (rising edge-triggered cell FDRE)
  Destination:            rd_data[9]
                            (output port)
  Path Group:             (none)
  Path Type:              Max at Slow Process Corner
  Data Path Delay:        8.362ns  (logic 2.795ns (33.424%)  route 5.567ns (66.576%))
  Logic Levels:           2  (FDRE=1 OBUF=1)

    Location             Delay type                Incr(ns)  Path(ns)    Netlist Resource(s)
  -------------------------------------------------------------------    -------------------
    SLICE_X36Y109        FDRE                         0.000     0.000 r  u_mem/rd_data_reg[9]/C
    SLICE_X36Y109        FDRE (Prop_fdre_C_Q)         0.433     0.433 r  u_mem/rd_data_reg[9]/Q
                         net (fo=1, routed)           5.567     6.000    rd_data_OBUF[9]
    R5                   OBUF (Prop_obuf_I_O)         2.362     8.362 r  rd_data_OBUF[9]_inst/O
                         net (fo=0)                   0.000     8.362    rd_data[9]
    R5                                                                r  rd_data[9] (OUT)
  -------------------------------------------------------------------    -------------------

Slack:                    inf
  Source:                 u_mem/rd_data_reg[5]/C
                            (rising edge-triggered cell FDRE)
  Destination:            rd_data[5]
                            (output port)
  Path Group:             (none)
  Path Type:              Max at Slow Process Corner
  Data Path Delay:        8.350ns  (logic 2.782ns (33.323%)  route 5.567ns (66.677%))
  Logic Levels:           2  (FDRE=1 OBUF=1)

    Location             Delay type                Incr(ns)  Path(ns)    Netlist Resource(s)
  -------------------------------------------------------------------    -------------------
    SLICE_X36Y105        FDRE                         0.000     0.000 r  u_mem/rd_data_reg[5]/C
    SLICE_X36Y105        FDRE (Prop_fdre_C_Q)         0.433     0.433 r  u_mem/rd_data_reg[5]/Q
                         net (fo=1, routed)           5.567     6.000    rd_data_OBUF[5]
    P8                   OBUF (Prop_obuf_I_O)         2.349     8.350 r  rd_data_OBUF[5]_inst/O
                         net (fo=0)                   0.000     8.350    rd_data[5]
    P8                                                                r  rd_data[5] (OUT)
  -------------------------------------------------------------------    -------------------

Slack:                    inf
  Source:                 u_mem/rd_data_reg[10]/C
                            (rising edge-triggered cell FDRE)
  Destination:            rd_data[10]
                            (output port)
  Path Group:             (none)
  Path Type:              Max at Slow Process Corner
  Data Path Delay:        8.346ns  (logic 2.806ns (33.613%)  route 5.541ns (66.387%))
  Logic Levels:           2  (FDRE=1 OBUF=1)

    Location             Delay type                Incr(ns)  Path(ns)    Netlist Resource(s)
  -------------------------------------------------------------------    -------------------
    SLICE_X36Y109        FDRE                         0.000     0.000 r  u_mem/rd_data_reg[10]/C
    SLICE_X36Y109        FDRE (Prop_fdre_C_Q)         0.433     0.433 r  u_mem/rd_data_reg[10]/Q
                         net (fo=1, routed)           5.541     5.974    rd_data_OBUF[10]
    T5                   OBUF (Prop_obuf_I_O)         2.373     8.346 r  rd_data_OBUF[10]_inst/O
                         net (fo=0)                   0.000     8.346    rd_data[10]
    T5                                                                r  rd_data[10] (OUT)
  -------------------------------------------------------------------    -------------------





Min Delay Paths
--------------------------------------------------------------------------------------
Slack:                    inf
  Source:                 u_sync_rd2wr/meta_reg[1]/C
                            (rising edge-triggered cell FDCE)
  Destination:            u_sync_rd2wr/sync_reg[1]/D
  Path Group:             (none)
  Path Type:              Min at Fast Process Corner
  Data Path Delay:        0.196ns  (logic 0.141ns (71.838%)  route 0.055ns (28.162%))
  Logic Levels:           1  (FDCE=1)

    Location             Delay type                Incr(ns)  Path(ns)    Netlist Resource(s)
  -------------------------------------------------------------------    -------------------
    SLICE_X1Y133         FDCE                         0.000     0.000 r  u_sync_rd2wr/meta_reg[1]/C
    SLICE_X1Y133         FDCE (Prop_fdce_C_Q)         0.141     0.141 r  u_sync_rd2wr/meta_reg[1]/Q
                         net (fo=1, routed)           0.055     0.196    u_sync_rd2wr/meta[1]
    SLICE_X1Y133         FDCE                                         r  u_sync_rd2wr/sync_reg[1]/D
  -------------------------------------------------------------------    -------------------

Slack:                    inf
  Source:                 u_sync_rd2wr/meta_reg[4]/C
                            (rising edge-triggered cell FDCE)
  Destination:            u_sync_rd2wr/sync_reg[4]/D
  Path Group:             (none)
  Path Type:              Min at Fast Process Corner
  Data Path Delay:        0.196ns  (logic 0.141ns (71.838%)  route 0.055ns (28.162%))
  Logic Levels:           1  (FDCE=1)

    Location             Delay type                Incr(ns)  Path(ns)    Netlist Resource(s)
  -------------------------------------------------------------------    -------------------
    SLICE_X1Y130         FDCE                         0.000     0.000 r  u_sync_rd2wr/meta_reg[4]/C
    SLICE_X1Y130         FDCE (Prop_fdce_C_Q)         0.141     0.141 r  u_sync_rd2wr/meta_reg[4]/Q
                         net (fo=1, routed)           0.055     0.196    u_sync_rd2wr/meta[4]
    SLICE_X1Y130         FDCE                                         r  u_sync_rd2wr/sync_reg[4]/D
  -------------------------------------------------------------------    -------------------

Slack:                    inf
  Source:                 u_sync_wr2rd/meta_reg[2]/C
                            (rising edge-triggered cell FDCE)
  Destination:            u_sync_wr2rd/sync_reg[2]/D
  Path Group:             (none)
  Path Type:              Min at Fast Process Corner
  Data Path Delay:        0.196ns  (logic 0.141ns (71.838%)  route 0.055ns (28.162%))
  Logic Levels:           1  (FDCE=1)

    Location             Delay type                Incr(ns)  Path(ns)    Netlist Resource(s)
  -------------------------------------------------------------------    -------------------
    SLICE_X1Y131         FDCE                         0.000     0.000 r  u_sync_wr2rd/meta_reg[2]/C
    SLICE_X1Y131         FDCE (Prop_fdce_C_Q)         0.141     0.141 r  u_sync_wr2rd/meta_reg[2]/Q
                         net (fo=1, routed)           0.055     0.196    u_sync_wr2rd/meta[2]
    SLICE_X1Y131         FDCE                                         r  u_sync_wr2rd/sync_reg[2]/D
  -------------------------------------------------------------------    -------------------

Slack:                    inf
  Source:                 u_sync_wr2rd/meta_reg[3]/C
                            (rising edge-triggered cell FDCE)
  Destination:            u_sync_wr2rd/sync_reg[3]/D
  Path Group:             (none)
  Path Type:              Min at Fast Process Corner
  Data Path Delay:        0.196ns  (logic 0.141ns (71.838%)  route 0.055ns (28.162%))
  Logic Levels:           1  (FDCE=1)

    Location             Delay type                Incr(ns)  Path(ns)    Netlist Resource(s)
  -------------------------------------------------------------------    -------------------
    SLICE_X1Y131         FDCE                         0.000     0.000 r  u_sync_wr2rd/meta_reg[3]/C
    SLICE_X1Y131         FDCE (Prop_fdce_C_Q)         0.141     0.141 r  u_sync_wr2rd/meta_reg[3]/Q
                         net (fo=1, routed)           0.055     0.196    u_sync_wr2rd/meta[3]
    SLICE_X1Y131         FDCE                                         r  u_sync_wr2rd/sync_reg[3]/D
  -------------------------------------------------------------------    -------------------

Slack:                    inf
  Source:                 u_wr_ctrl/wr_ptr_gray_reg[1]/C
                            (rising edge-triggered cell FDCE)
  Destination:            u_sync_wr2rd/meta_reg[1]/D
  Path Group:             (none)
  Path Type:              Min at Fast Process Corner
  Data Path Delay:        0.198ns  (logic 0.141ns (71.333%)  route 0.057ns (28.667%))
  Logic Levels:           1  (FDCE=1)

    Location             Delay type                Incr(ns)  Path(ns)    Netlist Resource(s)
  -------------------------------------------------------------------    -------------------
    SLICE_X1Y133         FDCE                         0.000     0.000 r  u_wr_ctrl/wr_ptr_gray_reg[1]/C
    SLICE_X1Y133         FDCE (Prop_fdce_C_Q)         0.141     0.141 r  u_wr_ctrl/wr_ptr_gray_reg[1]/Q
                         net (fo=1, routed)           0.057     0.198    u_sync_wr2rd/D[1]
    SLICE_X0Y133         FDCE                                         r  u_sync_wr2rd/meta_reg[1]/D
  -------------------------------------------------------------------    -------------------

Slack:                    inf
  Source:                 u_sync_rd2wr/meta_reg[2]/C
                            (rising edge-triggered cell FDCE)
  Destination:            u_sync_rd2wr/sync_reg[2]/D
  Path Group:             (none)
  Path Type:              Min at Fast Process Corner
  Data Path Delay:        0.198ns  (logic 0.141ns (71.201%)  route 0.057ns (28.799%))
  Logic Levels:           1  (FDCE=1)

    Location             Delay type                Incr(ns)  Path(ns)    Netlist Resource(s)
  -------------------------------------------------------------------    -------------------
    SLICE_X0Y130         FDCE                         0.000     0.000 r  u_sync_rd2wr/meta_reg[2]/C
    SLICE_X0Y130         FDCE (Prop_fdce_C_Q)         0.141     0.141 r  u_sync_rd2wr/meta_reg[2]/Q
                         net (fo=1, routed)           0.057     0.198    u_sync_rd2wr/meta[2]
    SLICE_X0Y130         FDCE                                         r  u_sync_rd2wr/sync_reg[2]/D
  -------------------------------------------------------------------    -------------------

Slack:                    inf
  Source:                 u_sync_wr2rd/meta_reg[1]/C
                            (rising edge-triggered cell FDCE)
  Destination:            u_sync_wr2rd/sync_reg[1]/D
  Path Group:             (none)
  Path Type:              Min at Fast Process Corner
  Data Path Delay:        0.198ns  (logic 0.141ns (71.201%)  route 0.057ns (28.799%))
  Logic Levels:           1  (FDCE=1)

    Location             Delay type                Incr(ns)  Path(ns)    Netlist Resource(s)
  -------------------------------------------------------------------    -------------------
    SLICE_X0Y133         FDCE                         0.000     0.000 r  u_sync_wr2rd/meta_reg[1]/C
    SLICE_X0Y133         FDCE (Prop_fdce_C_Q)         0.141     0.141 r  u_sync_wr2rd/meta_reg[1]/Q
                         net (fo=1, routed)           0.057     0.198    u_sync_wr2rd/meta[1]
    SLICE_X0Y133         FDCE                                         r  u_sync_wr2rd/sync_reg[1]/D
  -------------------------------------------------------------------    -------------------

Slack:                    inf
  Source:                 u_sync_rd2wr/meta_reg[3]/C
                            (rising edge-triggered cell FDCE)
  Destination:            u_sync_rd2wr/sync_reg[3]/D
  Path Group:             (none)
  Path Type:              Min at Fast Process Corner
  Data Path Delay:        0.199ns  (logic 0.141ns (70.848%)  route 0.058ns (29.152%))
  Logic Levels:           1  (FDCE=1)

    Location             Delay type                Incr(ns)  Path(ns)    Netlist Resource(s)
  -------------------------------------------------------------------    -------------------
    SLICE_X0Y130         FDCE                         0.000     0.000 r  u_sync_rd2wr/meta_reg[3]/C
    SLICE_X0Y130         FDCE (Prop_fdce_C_Q)         0.141     0.141 r  u_sync_rd2wr/meta_reg[3]/Q
                         net (fo=1, routed)           0.058     0.199    u_sync_rd2wr/meta[3]
    SLICE_X0Y130         FDCE                                         r  u_sync_rd2wr/sync_reg[3]/D
  -------------------------------------------------------------------    -------------------

Slack:                    inf
  Source:                 u_sync_rd2wr/meta_reg[0]/C
                            (rising edge-triggered cell FDCE)
  Destination:            u_sync_rd2wr/sync_reg[0]/D
  Path Group:             (none)
  Path Type:              Min at Fast Process Corner
  Data Path Delay:        0.205ns  (logic 0.141ns (68.843%)  route 0.064ns (31.157%))
  Logic Levels:           1  (FDCE=1)

    Location             Delay type                Incr(ns)  Path(ns)    Netlist Resource(s)
  -------------------------------------------------------------------    -------------------
    SLICE_X0Y130         FDCE                         0.000     0.000 r  u_sync_rd2wr/meta_reg[0]/C
    SLICE_X0Y130         FDCE (Prop_fdce_C_Q)         0.141     0.141 r  u_sync_rd2wr/meta_reg[0]/Q
                         net (fo=1, routed)           0.064     0.205    u_sync_rd2wr/meta[0]
    SLICE_X0Y130         FDCE                                         r  u_sync_rd2wr/sync_reg[0]/D
  -------------------------------------------------------------------    -------------------

Slack:                    inf
  Source:                 u_sync_wr2rd/meta_reg[0]/C
                            (rising edge-triggered cell FDCE)
  Destination:            u_sync_wr2rd/sync_reg[0]/D
  Path Group:             (none)
  Path Type:              Min at Fast Process Corner
  Data Path Delay:        0.205ns  (logic 0.141ns (68.843%)  route 0.064ns (31.157%))
  Logic Levels:           1  (FDCE=1)

    Location             Delay type                Incr(ns)  Path(ns)    Netlist Resource(s)
  -------------------------------------------------------------------    -------------------
    SLICE_X0Y133         FDCE                         0.000     0.000 r  u_sync_wr2rd/meta_reg[0]/C
    SLICE_X0Y133         FDCE (Prop_fdce_C_Q)         0.141     0.141 r  u_sync_wr2rd/meta_reg[0]/Q
                         net (fo=1, routed)           0.064     0.205    u_sync_wr2rd/meta[0]
    SLICE_X0Y133         FDCE                                         r  u_sync_wr2rd/sync_reg[0]/D
  -------------------------------------------------------------------    -------------------





